

================================================================
== Vivado HLS Report for 'dct_1d2'
================================================================
* Date:           Sun Mar 27 17:36:08 2022

* Version:        2017.4 (Build 2086221 on Fri Dec 15 21:13:33 MST 2017)
* Project:        dct_prj
* Solution:       solution1
* Product family: virtexuplus
* Target device:  xcvu9p-flgb2104-1-e


================================================================
== Performance Estimates
================================================================
+ Timing (ns): 
    * Summary: 
    +--------+-------+----------+------------+
    |  Clock | Target| Estimated| Uncertainty|
    +--------+-------+----------+------------+
    |ap_clk  |   8.00|      4.14|        1.00|
    +--------+-------+----------+------------+

+ Latency (clock cycles): 
    * Summary: 
    +-----+-----+-----+-----+---------+
    |  Latency  |  Interval | Pipeline|
    | min | max | min | max |   Type  |
    +-----+-----+-----+-----+---------+
    |  145|  145|  145|  145|   none  |
    +-----+-----+-----+-----+---------+

    + Detail: 
        * Instance: 
        N/A

        * Loop: 
        +-------------------+-----+-----+----------+-----------+-----------+------+----------+
        |                   |  Latency  | Iteration|  Initiation Interval  | Trip |          |
        |     Loop Name     | min | max |  Latency |  achieved |   target  | Count| Pipelined|
        +-------------------+-----+-----+----------+-----------+-----------+------+----------+
        |- DCT_Outer_Loop   |  144|  144|        18|          -|          -|     8|    no    |
        | + DCT_Inner_Loop  |   16|   16|         2|          -|          -|     8|    no    |
        +-------------------+-----+-----+----------+-----------+-----------+------+----------+



================================================================
== Utilization Estimates
================================================================
* Summary: 
+-----------------+---------+-------+---------+---------+-----+
|       Name      | BRAM_18K| DSP48E|    FF   |   LUT   | URAM|
+-----------------+---------+-------+---------+---------+-----+
|DSP              |        -|      1|        -|        -|    -|
|Expression       |        -|      -|        0|      127|    -|
|FIFO             |        -|      -|        -|        -|    -|
|Instance         |        -|      -|        -|        -|    -|
|Memory           |        0|      -|       15|       15|    -|
|Multiplexer      |        -|      -|        -|       54|    -|
|Register         |        -|      -|       70|        -|    -|
+-----------------+---------+-------+---------+---------+-----+
|Total            |        0|      1|       85|      196|    0|
+-----------------+---------+-------+---------+---------+-----+
|Available        |     4320|   6840|  2364480|  1182240|  960|
+-----------------+---------+-------+---------+---------+-----+
|Utilization (%)  |        0|   ~0  |    ~0   |    ~0   |    0|
+-----------------+---------+-------+---------+---------+-----+

+ Detail: 
    * Instance: 
    N/A

    * DSP48: 
    +-------------------------+----------------------+--------------+
    |         Instance        |        Module        |  Expression  |
    +-------------------------+----------------------+--------------+
    |dct_mac_muladd_15cud_U1  |dct_mac_muladd_15cud  | i0 + i1 * i2 |
    +-------------------------+----------------------+--------------+

    * Memory: 
    +-------------------+----------------------+---------+----+----+------+-----+------+-------------+
    |       Memory      |        Module        | BRAM_18K| FF | LUT| Words| Bits| Banks| W*Bits*Banks|
    +-------------------+----------------------+---------+----+----+------+-----+------+-------------+
    |dct_coeff_table_U  |dct_1d2_dct_coeffbkb  |        0|  15|  15|    64|   15|     1|          960|
    +-------------------+----------------------+---------+----+----+------+-----+------+-------------+
    |Total              |                      |        0|  15|  15|    64|   15|     1|          960|
    +-------------------+----------------------+---------+----+----+------+-----+------+-------------+

    * FIFO: 
    N/A

    * Expression: 
    +------------------+----------+-------+---+----+------------+------------+
    |   Variable Name  | Operation| DSP48E| FF| LUT| Bitwidth P0| Bitwidth P1|
    +------------------+----------+-------+---+----+------------+------------+
    |k_1_fu_159_p2     |     +    |      0|  0|  12|           4|           1|
    |n_1_fu_197_p2     |     +    |      0|  0|  12|           4|           1|
    |tmp_12_fu_231_p2  |     +    |      0|  0|  36|          13|          29|
    |tmp_16_fu_169_p2  |     +    |      0|  0|  15|           8|           8|
    |tmp_19_fu_207_p2  |     +    |      0|  0|  15|           8|           8|
    |tmp_20_fu_217_p2  |     +    |      0|  0|  15|           8|           8|
    |tmp_11_fu_191_p2  |   icmp   |      0|  0|  11|           4|           5|
    |tmp_fu_153_p2     |   icmp   |      0|  0|  11|           4|           5|
    +------------------+----------+-------+---+----+------------+------------+
    |Total             |          |      0|  0| 127|          53|          65|
    +------------------+----------+-------+---+----+------------+------------+

    * Multiplexer: 
    +--------------+----+-----------+-----+-----------+
    |     Name     | LUT| Input Size| Bits| Total Bits|
    +--------------+----+-----------+-----+-----------+
    |ap_NS_fsm     |  27|          5|    1|          5|
    |k_reg_95      |   9|          2|    4|          8|
    |n_reg_106     |   9|          2|    4|          8|
    |tmp1_reg_117  |   9|          2|   32|         64|
    +--------------+----+-----------+-----+-----------+
    |Total         |  54|         11|   41|         85|
    +--------------+----+-----------+-----+-----------+

    * Register: 
    +---------------------+----+----+-----+-----------+
    |         Name        | FF | LUT| Bits| Const Bits|
    +---------------------+----+----+-----+-----------+
    |ap_CS_fsm            |   4|   0|    4|          0|
    |dst_addr_reg_282     |   6|   0|    6|          0|
    |k_1_reg_277          |   4|   0|    4|          0|
    |k_reg_95             |   4|   0|    4|          0|
    |n_1_reg_295          |   4|   0|    4|          0|
    |n_reg_106            |   4|   0|    4|          0|
    |tmp1_reg_117         |  32|   0|   32|          0|
    |tmp_24_cast_reg_264  |   4|   0|    8|          4|
    |tmp_26_cast_reg_269  |   4|   0|    8|          4|
    |tmp_29_cast_reg_287  |   4|   0|    8|          4|
    +---------------------+----+----+-----+-----------+
    |Total                |  70|   0|   82|         12|
    +---------------------+----+----+-----+-----------+



================================================================
== Interface
================================================================
* Summary: 
+--------------+-----+-----+------------+--------------+--------------+
|   RTL Ports  | Dir | Bits|  Protocol  | Source Object|    C Type    |
+--------------+-----+-----+------------+--------------+--------------+
|ap_clk        |  in |    1| ap_ctrl_hs |    dct_1d2   | return value |
|ap_rst        |  in |    1| ap_ctrl_hs |    dct_1d2   | return value |
|ap_start      |  in |    1| ap_ctrl_hs |    dct_1d2   | return value |
|ap_done       | out |    1| ap_ctrl_hs |    dct_1d2   | return value |
|ap_idle       | out |    1| ap_ctrl_hs |    dct_1d2   | return value |
|ap_ready      | out |    1| ap_ctrl_hs |    dct_1d2   | return value |
|src_address0  | out |    6|  ap_memory |      src     |     array    |
|src_ce0       | out |    1|  ap_memory |      src     |     array    |
|src_q0        |  in |   16|  ap_memory |      src     |     array    |
|src_offset    |  in |    4|   ap_none  |  src_offset  |    scalar    |
|dst_address0  | out |    6|  ap_memory |      dst     |     array    |
|dst_ce0       | out |    1|  ap_memory |      dst     |     array    |
|dst_we0       | out |    1|  ap_memory |      dst     |     array    |
|dst_d0        | out |   16|  ap_memory |      dst     |     array    |
|dst_offset    |  in |    4|   ap_none  |  dst_offset  |    scalar    |
+--------------+-----+-----+------------+--------------+--------------+

